---
source: tests/models/subscribers.rs
expression: existing_subscriber
---
Ok(
    Model {
        created_at: 2023-11-12T12:34:56.789,
        updated_at: 2023-11-12T12:34:56.789,
        id: 1,
        pid: "11111111-1111-1111-1111-111111111111",
        display_name: "user1"
    },
)
